// Jest Snapshot v1, https://goo.gl/fbAQLP

exports[`renders correctly 1`] = `
<div>
  <div>
    <form
      onSubmit={[Function]}
    >
      <div
        className="form-container"
      />
      <div
        className="gas_supply"
      >
        <label
          className="label_name"
          style={
            Object {
              "marginRight": "10px",
            }
          }
        >
          Gas Supply:
        </label>
        <input
          className="input custom_input_css"
          id="deployGas"
          onChange={[Function]}
          type="number"
          value="126817"
        />
      </div>
      <div
        style={
          Object {
            "marginBottom": "5px",
          }
        }
      >
        <input
          className="custom_button_css"
          type="submit"
          value="Deploy"
        />
      </div>
    </form>
    <div>
      <form
        onSubmit={[Function]}
      >
        <input
          className="custom_button_css"
          type="submit"
          value="Get gas estimate"
        />
      </form>
    </div>
    <div>
      <form
        className="form_align"
        onSubmit={[Function]}
      >
        <input
          className="custom_input_css"
          name="contractAddress"
          onChange={[Function]}
          style={
            Object {
              "marginRight": "5px",
            }
          }
          type="text"
          value=""
        />
        <input
          className="custom_input_css"
          name="methodName"
          onChange={[Function]}
          type="text"
        />
        <input
          className="custom_button_css"
          style={
            Object {
              "marginLeft": "10px",
            }
          }
          type="submit"
          value="Call function"
        />
      </form>
    </div>
  </div>
  <div
    className="error_message"
  />
</div>
`;
